
> temp-next@0.1.0 build
> next build

ΓÜá Warning: Next.js inferred your workspace root, but it may not be correct.
 We detected multiple lockfiles and selected the directory of C:\Users\INDRAYUDH\package-lock.json as the root directory.
 To silence this warning, set `turbopack.root` in your Next.js config, or consider removing one of the lockfiles if it's not needed.
   See https://nextjs.org/docs/app/api-reference/config/next-config-js/turbopack#root-directory for more information.
 Detected additional lockfiles: 
   * C:\Users\INDRAYUDH\.gemini\antigravity\scratch\fixmypayments.worktrees\copilot-ai-financial-assistant-mvp-setup\package-lock.json

Γû▓ Next.js 16.2.4 (Turbopack)
- Environments: .env.local

  Creating an optimized production build ...
Γ£ô Compiled successfully in 7.9s
  Running TypeScript ...
Failed to type check.

./app/lib/paymaster-sdk.ts:137:44
Type error: Property 'getGasPrice' does not exist on type 'Provider'.

  135 |       });
  136 |
> 137 |       const gasPrice = await this.provider.getGasPrice();
      |                                            ^
  138 |       const gasCost = gasEstimate * gasPrice;
  139 |
  140 |       return {
Next.js build worker exited with code: 1 and signal: null
